2026-06-06 15:07:30.822 | DEBUG    | llmcompressor.transformers.finetune.data.base:load_dataset:186 - Loading dataset Salesforce/wikitext
2026-06-06 15:07:34.365 | DEBUG    | llmcompressor.transformers.finetune.data.base:__call__:91 - Raw dataset: ['text', 'text', 'text']
2026-06-06 15:07:34.365 | DEBUG    | llmcompressor.transformers.finetune.data.base:__call__:107 - Dataset after column renaming: ['text', 'text', 'text']
2026-06-06 15:07:34.366 | DEBUG    | llmcompressor.transformers.finetune.data.base:filter_tokenizer_args:239 - Found processor args `{'max_length', 'return_attention_mask', 'return_tensors', 'return_length', 'return_overflowing_tokens', 'add_special_tokens', 'return_offsets_mapping', 'text', 'stride', 'padding', 'text_pair', 'return_special_tokens_mask', 'padding_side', 'verbose', 'pad_to_multiple_of', 'text_target', 'is_split_into_words', 'text_pair_target', 'truncation', 'return_token_type_ids'}`. Removing all other columns
2026-06-06 15:07:34.369 | DEBUG    | llmcompressor.transformers.finetune.data.base:__call__:114 - Tokenizer args after filtering: ['text', 'text', 'text']
2026-06-06 15:09:20.483 | DEBUG    | llmcompressor.transformers.finetune.data.base:__call__:128 - Model kwargs after tokenizing: ['input_ids', 'attention_mask', 'input_ids', 'attention_mask', 'input_ids', 'attention_mask']
2026-06-06 15:09:20.485 | DEBUG    | llmcompressor.transformers.finetune.data.base:__call__:158 - Model kwargs after postprocessing: ['input_ids', 'attention_mask', 'input_ids', 'attention_mask', 'input_ids', 'attention_mask']
2026-06-06 15:09:20.511 | DEBUG    | llmcompressor.core.lifecycle:reset:61 - Resetting compression lifecycle
2026-06-06 15:09:20.526 | INFO     | llmcompressor.core.lifecycle:reset:73 - Compression lifecycle reset
2026-06-06 15:09:20.527 | DEBUG    | llmcompressor.core.state:update:182 - Updating state with provided parameters: {'model': Qwen3ForCausalLM(
  (model): Qwen3Model(
    (embed_tokens): Embedding(151936, 1024)
    (layers): ModuleList(
      (0-27): 28 x Qwen3DecoderLayer(
        (self_attn): Qwen3Attention(
          (q_proj): Linear(in_features=1024, out_features=2048, bias=False)
          (k_proj): Linear(in_features=1024, out_features=1024, bias=False)
          (v_proj): Linear(in_features=1024, out_features=1024, bias=False)
          (o_proj): Linear(in_features=2048, out_features=1024, bias=False)
          (q_norm): Qwen3RMSNorm((128,), eps=1e-06)
          (k_norm): Qwen3RMSNorm((128,), eps=1e-06)
        )
        (mlp): Qwen3MLP(
          (gate_proj): Linear(in_features=1024, out_features=3072, bias=False)
          (up_proj): Linear(in_features=1024, out_features=3072, bias=False)
          (down_proj): Linear(in_features=3072, out_features=1024, bias=False)
          (act_fn): SiLU()
        )
        (input_layernorm): Qwen3RMSNorm((1024,), eps=1e-06)
        (post_attention_layernorm): Qwen3RMSNorm((1024,), eps=1e-06)
      )
    )
    (norm): Qwen3RMSNorm((1024,), eps=1e-06)
    (rotary_emb): Qwen3RotaryEmbedding()
  )
  (lm_head): Linear(in_features=1024, out_features=151936, bias=False)
), 'teacher_model': None, 'optimizer': None, 'attach_optim_callbacks': True, 'train_data': None, 'val_data': None, 'test_data': None, 'calib_data': <torch.utils.data.dataloader.DataLoader object at 0x128112b90>, 'copy_data': True, 'start': -1, 'steps_per_epoch': None, 'batches_per_step': None, 'loggers': None, 'model_log_cadence': None, 'kwargs': {}}
2026-06-06 15:09:20.533 | DEBUG    | llmcompressor.core.lifecycle:initialize:94 - Initializing compression lifecycle
2026-06-06 15:09:20.533 | INFO     | llmcompressor.recipe.recipe:from_modifiers:59 - Creating recipe from modifiers
2026-06-06 15:09:20.675 | DEBUG    | llmcompressor.core.lifecycle:initialize:103 - Initialized modifier: modifiers=[GPTQModifier(config_groups=None, targets=['Linear'], ignore=['lm_head'], scheme='W4A16', kv_cache_scheme=None, index=0, group='default', start=None, end=None, update=None, initialized_=True, finalized_=False, started_=False, ended_=False, sequential_update=True, sequential_targets=None, block_size=128, dampening_frac=0.01, actorder=None, offload_hessians=False)] index=0 group='default' applied=False
2026-06-06 15:09:20.676 | INFO     | llmcompressor.core.lifecycle:initialize:108 - Compression lifecycle initialized for 1 modifiers
2026-06-06 15:09:20.676 | INFO     | llmcompressor.pipelines.independent.pipeline:IndependentPipeline:47 - Inferred `SequentialPipeline` for `GPTQModifier`
2026-06-06 15:09:20.683 | WARNING  | llmcompressor.pipelines.sequential.helpers:dispatch_for_sequential:531 - CUDA is not available! Compressing model on CPU instead
2026-06-06 15:09:20.715 | DEBUG    | llmcompressor.pipelines.sequential.ast_utils.auto_wrapper:_wrap_if_possible:183 - ---- Autowrapper ----
2026-06-06 15:09:20.729 | DEBUG    | llmcompressor.pipelines.sequential.ast_utils.auto_wrapper:_wrap_if_possible:184 - if labels is not None:
    loss = self.loss_function(logits=logits, labels=labels, vocab_size=self.config.vocab_size, **kwargs)
2026-06-06 15:09:20.730 | DEBUG    | llmcompressor.pipelines.sequential.ast_utils.auto_wrapper:_wrap_if_possible:185 - ---------------------
2026-06-06 15:09:20.740 | DEBUG    | llmcompressor.pipelines.sequential.ast_utils.auto_wrapper:_wrap_if_possible:183 - ---- Autowrapper ----
2026-06-06 15:09:20.740 | DEBUG    | llmcompressor.pipelines.sequential.ast_utils.auto_wrapper:_wrap_if_possible:184 - if (input_ids is None) ^ (inputs_embeds is not None):
    raise ValueError('You must specify exactly one of input_ids or inputs_embeds')
2026-06-06 15:09:20.740 | DEBUG    | llmcompressor.pipelines.sequential.ast_utils.auto_wrapper:_wrap_if_possible:185 - ---------------------
2026-06-06 15:09:20.741 | DEBUG    | llmcompressor.pipelines.sequential.ast_utils.auto_wrapper:_wrap_if_possible:183 - ---- Autowrapper ----
2026-06-06 15:09:20.741 | DEBUG    | llmcompressor.pipelines.sequential.ast_utils.auto_wrapper:_wrap_if_possible:184 - if not isinstance(past_key_values, (type(None), Cache)):
    raise ValueError('The `past_key_values` should be either a `Cache` object or `None`.')
2026-06-06 15:09:20.741 | DEBUG    | llmcompressor.pipelines.sequential.ast_utils.auto_wrapper:_wrap_if_possible:185 - ---------------------
2026-06-06 15:09:20.741 | DEBUG    | llmcompressor.pipelines.sequential.ast_utils.auto_wrapper:_wrap_if_possible:183 - ---- Autowrapper ----
2026-06-06 15:09:20.741 | DEBUG    | llmcompressor.pipelines.sequential.ast_utils.auto_wrapper:_wrap_if_possible:184 - if inputs_embeds is None:
    inputs_embeds = self.embed_tokens(input_ids)
2026-06-06 15:09:20.741 | DEBUG    | llmcompressor.pipelines.sequential.ast_utils.auto_wrapper:_wrap_if_possible:185 - ---------------------
2026-06-06 15:09:20.742 | DEBUG    | llmcompressor.pipelines.sequential.ast_utils.auto_wrapper:_wrap_if_possible:183 - ---- Autowrapper ----
2026-06-06 15:09:20.742 | DEBUG    | llmcompressor.pipelines.sequential.ast_utils.auto_wrapper:_wrap_if_possible:184 - if use_cache and past_key_values is None:
    past_key_values = DynamicCache()
2026-06-06 15:09:20.742 | DEBUG    | llmcompressor.pipelines.sequential.ast_utils.auto_wrapper:_wrap_if_possible:185 - ---------------------
2026-06-06 15:09:20.743 | DEBUG    | llmcompressor.pipelines.sequential.ast_utils.auto_wrapper:_wrap_if_possible:183 - ---- Autowrapper ----
2026-06-06 15:09:20.743 | DEBUG    | llmcompressor.pipelines.sequential.ast_utils.auto_wrapper:_wrap_if_possible:184 - if cache_position is None:
    past_seen_tokens = past_key_values.get_seq_length() if past_key_values is not None else 0
    cache_position = torch.arange(past_seen_tokens, past_seen_tokens + inputs_embeds.shape[1], device=inputs_embeds.device)
2026-06-06 15:09:20.743 | DEBUG    | llmcompressor.pipelines.sequential.ast_utils.auto_wrapper:_wrap_if_possible:185 - ---------------------
2026-06-06 15:09:20.744 | DEBUG    | llmcompressor.pipelines.sequential.ast_utils.auto_wrapper:_wrap_if_possible:183 - ---- Autowrapper ----
2026-06-06 15:09:20.744 | DEBUG    | llmcompressor.pipelines.sequential.ast_utils.auto_wrapper:_wrap_if_possible:184 - if position_ids is None:
    position_ids = cache_position.unsqueeze(0)
2026-06-06 15:09:20.744 | DEBUG    | llmcompressor.pipelines.sequential.ast_utils.auto_wrapper:_wrap_if_possible:185 - ---------------------
2026-06-06 15:09:20.744 | DEBUG    | llmcompressor.pipelines.sequential.ast_utils.auto_wrapper:_wrap_if_possible:189 - ---- Autowrapper ----
2026-06-06 15:09:20.744 | DEBUG    | llmcompressor.pipelines.sequential.ast_utils.auto_wrapper:_wrap_if_possible:190 - self._update_causal_mask(attention_mask, inputs_embeds, cache_position, past_key_values, output_attentions)
2026-06-06 15:09:20.744 | DEBUG    | llmcompressor.pipelines.sequential.ast_utils.auto_wrapper:_wrap_if_possible:191 - ---------------------
2026-06-06 15:09:20.745 | DEBUG    | llmcompressor.pipelines.sequential.ast_utils.auto_wrapper:_wrap_if_possible:183 - ---- Autowrapper ----
2026-06-06 15:09:20.745 | DEBUG    | llmcompressor.pipelines.sequential.ast_utils.auto_wrapper:_wrap_if_possible:184 - if output_hidden_states:
    all_hidden_states += (hidden_states,)
2026-06-06 15:09:20.745 | DEBUG    | llmcompressor.pipelines.sequential.ast_utils.auto_wrapper:_wrap_if_possible:185 - ---------------------
2026-06-06 15:09:20.745 | DEBUG    | llmcompressor.pipelines.sequential.ast_utils.auto_wrapper:_wrap_if_possible:183 - ---- Autowrapper ----
2026-06-06 15:09:20.745 | DEBUG    | llmcompressor.pipelines.sequential.ast_utils.auto_wrapper:_wrap_if_possible:184 - if output_attentions:
    all_self_attns += (layer_outputs[1],)
2026-06-06 15:09:20.746 | DEBUG    | llmcompressor.pipelines.sequential.ast_utils.auto_wrapper:_wrap_if_possible:185 - ---------------------
2026-06-06 15:09:20.746 | DEBUG    | llmcompressor.pipelines.sequential.ast_utils.auto_wrapper:_wrap_if_possible:183 - ---- Autowrapper ----
2026-06-06 15:09:20.746 | DEBUG    | llmcompressor.pipelines.sequential.ast_utils.auto_wrapper:_wrap_if_possible:184 - if output_hidden_states:
    all_hidden_states += (hidden_states,)
2026-06-06 15:09:20.746 | DEBUG    | llmcompressor.pipelines.sequential.ast_utils.auto_wrapper:_wrap_if_possible:185 - ---------------------
